// Jest Snapshot v1, https://goo.gl/fbAQLP

exports[`checks rendering of card component matches snapshot 1`] = `<DocumentFragment />`;
