// Jest Snapshot v1, https://goo.gl/fbAQLP

exports[`matches snapshot 1`] = `
<DocumentFragment>
  <div
    class="SearchComponent"
  >
    <form
      class="SearchComponentForm"
    >
      <div
        class="SearchComponent-SB"
      >
        <div
          class="SearchBarUsers"
        >
          <div
            class="SearchBarUsers-Username"
          >
            <input
              class="SearchBarInput form-control"
              id="searchbar-username"
              name="username"
              placeholder="Derby Name"
              type="text"
              value=""
            />
          </div>
        </div>
      </div>
      <div
        class="SearchComponent-Btn"
      >
        <button
          class="SearchComponentButton"
        >
          Search
        </button>
      </div>
    </form>
  </div>
</DocumentFragment>
`;
