// Jest Snapshot v1, https://goo.gl/fbAQLP

exports[`matches snapshot 1`] = `
<DocumentFragment>
  <div
    class="track-out"
  >
      
  </div>
  <div
    class="track-in"
  >
      
  </div>
  <div
    class="App"
  >
    <div>
      <nav
        class="NavBar-Top navbar navbar-expand-md"
      >
        <div
          class="container-fluid"
        >
          <div
            style="display: flex;"
          >
            <div
              class="star"
            >
              <svg
                aria-hidden="true"
                class="svg-inline--fa fa-star "
                data-icon="star"
                data-prefix="fas"
                focusable="false"
                role="img"
                style="font-size: 40px; margin-right: 7px;"
                viewBox="0 0 576 512"
                xmlns="http://www.w3.org/2000/svg"
              >
                <path
                  d="M316.9 18C311.6 7 300.4 0 288.1 0s-23.4 7-28.8 18L195 150.3 51.4 171.5c-12 1.8-22 10.2-25.7 21.7s-.7 24.2 7.9 32.7L137.8 329 113.2 474.7c-2 12 3 24.2 12.9 31.3s23 8 33.8 2.3l128.3-68.5 128.3 68.5c10.8 5.7 23.9 4.9 33.8-2.3s14.9-19.3 12.9-31.3L438.5 329 542.7 225.9c8.6-8.5 11.7-21.2 7.9-32.7s-13.7-19.9-25.7-21.7L381.2 150.3 316.9 18z"
                  fill="currentColor"
                />
              </svg>
            </div>
            <a
              class="navbar-brand"
              href="/"
            >
              Conteact
            </a>
          </div>
          <ul
            class="ml-auto navbar-nav"
          >
            <li
              class="Navbar Signup nav-item"
            >
              <a
                class=""
                href="/signup"
              >
                Signup
              </a>
            </li>
            <li
              class="Navbar Admin nav-item"
            >
              <a
                class=""
                href="/login"
              >
                Login
              </a>
            </li>
          </ul>
        </div>
      </nav>
    </div>
    <main>
      <section
        class="col-md-8 Home"
      >
        <div
          class="card"
        >
          <div
            class="card-title"
          >
            <h1>
              A Roller Derby Communication Application
            </h1>
          </div>
          <div
            class="card-body"
          >
            <p
              class="card-text"
            />
            -
            <p
              class="card-text"
            >
              <a
                class="Home-Link"
                href="/login"
              >
                <button
                  class="btn btn-secondary"
                >
                  Login
                </button>
              </a>
              <a
                class="Home-Link"
                href="/signup"
              >
                <button
                  class="btn btn-secondary"
                >
                  Signup
                </button>
              </a>
            </p>
          </div>
        </div>
      </section>
    </main>
  </div>
</DocumentFragment>
`;
