// Jest Snapshot v1, https://goo.gl/fbAQLP

exports[`Tests Invite List Page Renders matches snapshot 1`] = `
<DocumentFragment>
  <div
    class="Loading"
    data-testid="loading-indicator"
  />
</DocumentFragment>
`;
