// Jest Snapshot v1, https://goo.gl/fbAQLP

exports[`Snapshot Profile matches snapshot 1`] = `
<DocumentFragment>
  <div
    class="Profile"
    style="background-color: transparent; padding: 100px 10% 10% 10%; margin-right: 0px;"
  >
    <div
      class="container"
      style="padding: 0px; margin: 0px;"
    >
      <div
        class="row"
        style="padding: 0px; margin: 0px;"
      >
        <div
          class="card"
          style="min-width: 612px; max-width: 1100px; min-height: 700px; margin-top: 50px; box-shadow: 0 2px 2px 0 rgba(0,0,0,0.14), 0 3px 1px -2px rgba(0,0,0,0.12), 0 1px 5px 0 rgba(0,0,0,0.2);"
        >
          <div
            class="rounded-top text-white d-flex flex-row"
            style="background-color: black; height: 300px; margin-top: 15px;"
          >
            <div
              class="ms-4 mt-5 d-flex flex-column"
              style="width: 250px;"
            >
              <img
                alt="Skater placeholder image"
                class="img-fluid mt-4 mb-2 img-thumbnail"
                src="/skater_02.svg"
                style="width: 250px; height: 330px; position: relative; z-index: 1; background-color: rgb(209, 210, 212); border: 4px solid white; box-shadow: 0 2px 2px 0 rgba(0,0,0,0.14), 0 3px 1px -2px rgba(0,0,0,0.12), 0 1px 5px 0 rgba(0,0,0,0.2);"
              />
            </div>
            <a
              href="/setup/profile"
            >
              <button
                class="btn btn-outline-dark"
                data-mdb-ripple-color="dark"
                style="height: 40px; background-color: rgb(209, 210, 212); position: absolute; right: 30px; top: 30px; font-size: 15px;"
                type="button"
              >
                Edit
              </button>
            </a>
            <a
              href="/profile/private"
            >
              <button
                class="btn btn-outline-dark"
                data-mdb-ripple-color="dark"
                style="height: 40px; background-color: rgb(209, 210, 212); position: absolute; right: 100px; top: 30px; font-size: 15px;"
                type="button"
              >
                Private Info
              </button>
            </a>
            <div
              class="ms-3"
              style="margin-top: 200px;"
            >
              <h4
                class=""
              >
                testUser #01
              </h4>
            </div>
          </div>
          <div
            class="p-4 text-black"
            style="background-color: rgb(248, 249, 250);"
          >
            <div
              class="d-flex justify-content-end text-center py-1"
              style="margin-top: 2px;"
            >
              <div
                style="margin-left: 600px;"
              >
                <div>
                  <p
                    class="card-text mb-1 h5"
                    style="margin-right: 80px;"
                  >
                    A
                  </p>
                  <p
                    class="card-text small text-muted mb-0"
                    style="margin-right: 80px;"
                  >
                    level
                  </p>
                </div>
              </div>
              <div>
                <p
                  class="card-text mb-1 h6"
                />
                <p
                  class="card-text small text-muted mb-0"
                  style="margin-right: 10px; margin-top: 7px;"
                >
                  positions
                </p>
              </div>
              <div
                class="px-3"
              >
                <p
                  class="card-text mb-1 h6"
                  style="margin-left: 30px;"
                />
                <p
                  class="card-text small text-muted mb-0"
                  style="margin-left: 30px; margin-top: 7px;"
                >
                  known rulesets
                </p>
              </div>
            </div>
          </div>
          <div
            class="card-body text-black p-4"
          >
            <div
              class="mb-5"
            >
              <p
                class="lead fw-normal mb-1"
              >
                About
              </p>
              <div
                class="p-4"
                style="background-color: rgb(248, 249, 250);"
              >
                <p
                  class="card-text font-italic mb-1"
                >
                  This is my story...
                </p>
              </div>
            </div>
            <div
              class="mb-5"
            >
              <p
                class="lead fw-normal mb-1"
              >
                Associated Leagues
              </p>
              <div
                class="p-4"
                style="background-color: rgb(248, 249, 250);"
              >
                <p
                  class="card-text font-italic mb-1"
                >
                  Testing League
                </p>
              </div>
            </div>
            <div
              class="mb-5"
            >
              <p
                class="lead fw-normal mb-1"
              >
                You can find me on facebook: facebook test user
              </p>
            </div>
          </div>
        </div>
      </div>
    </div>
  </div>
</DocumentFragment>
`;
