// Jest Snapshot v1, https://goo.gl/fbAQLP

exports[`checks rendering of login form matches snapshot 1`] = `
<DocumentFragment>
  <section
    class="col-md-4 LoginForm"
  >
    <div
      class="card"
    >
      <div
        class="LoginForm-CardTitle card-title"
      >
        <h1>
          Login
        </h1>
      </div>
      <div
        class="card-body"
      >
        <form
          class=""
        >
          <div
            class="mb-3"
          >
            <label
              class="col-sm-10 col-form-label"
              for="username"
            >
              Derby Name: 
            </label>
            <input
              class="form-control"
              id="username"
              name="username"
              placeholder="Derby Name"
              required=""
              type="text"
              value=""
            />
            <label
              class="form-label"
              for="password"
            >
              Password: 
            </label>
            <input
              class="form-control"
              id="password"
              name="password"
              placeholder="Password"
              required=""
              type="password"
              value=""
            />
          </div>
          <button
            class="btn btn-secondary"
          >
            Submit
          </button>
        </form>
      </div>
    </div>
  </section>
</DocumentFragment>
`;
