// Jest Snapshot v1, https://goo.gl/fbAQLP

exports[`checks rendering of profile form matches snapshot 1`] = `
<DocumentFragment>
  <section
    class="col-md-4 SetupProfileForm"
    style="margin-top: 150px;"
  >
    <div
      class="card"
      style="min-width: 400px;"
    >
      <div
        class="SetupProfileForm-CardTitle card-title"
      >
        <h1>
          Setup Public Profile
        </h1>
      </div>
      <div
        class="card-body"
      >
        <form
          class=""
        >
          <div
            class="mb-3"
          >
            <label
              class="form-label"
              for="username"
            >
              Derby Name: 
            </label>
            <input
              class="form-control"
              id="username"
              maxlength="35"
              name="username"
              placeholder="Derby Name"
              required=""
              type="text"
              value="testUser"
            />
            <label
              class="form-label"
              for="image"
            >
              Profile Image: 
            </label>
            <input
              accept="image/png image/jpg"
              class="form-control"
              id="image"
              name="image"
              type="file"
            />
            <label
              class="form-label"
              for="city"
            >
              City: 
            </label>
            <input
              class="form-control"
              id="city"
              maxlength="28"
              name="city"
              placeholder="City"
              type="text"
              value=""
            />
            <label
              class="form-label"
              for="state"
            >
              State: 
            </label>
            <select
              class="form-select"
              id="state"
              maxlength="2"
              name="state"
              placeholder="State"
            >
              <option
                value=""
              >
                State
              </option>
              <option
                value="AL"
              >
                AL
              </option>
              <option
                value="AK"
              >
                AK
              </option>
              <option
                value="AZ"
              >
                AZ
              </option>
              <option
                value="AR"
              >
                AR
              </option>
              <option
                value="CA"
              >
                CA
              </option>
              <option
                value="CO"
              >
                CO
              </option>
              <option
                value="CT"
              >
                CT
              </option>
              <option
                value="DE"
              >
                DE
              </option>
              <option
                value="DC"
              >
                DC
              </option>
              <option
                value="FL"
              >
                FL
              </option>
              <option
                value="GA"
              >
                GA
              </option>
              <option
                value="HI"
              >
                HI
              </option>
              <option
                value="ID"
              >
                ID
              </option>
              <option
                value="IL"
              >
                IL
              </option>
              <option
                value="IN"
              >
                IN
              </option>
              <option
                value="IA"
              >
                IA
              </option>
              <option
                value="KS"
              >
                KS
              </option>
              <option
                value="KY"
              >
                KY
              </option>
              <option
                value="LA"
              >
                LA
              </option>
              <option
                value="ME"
              >
                ME
              </option>
              <option
                value="MD"
              >
                MD
              </option>
              <option
                value="MA"
              >
                MA
              </option>
              <option
                value="MI"
              >
                MI
              </option>
              <option
                value="MN"
              >
                MN
              </option>
              <option
                value="MS"
              >
                MS
              </option>
              <option
                value="MO"
              >
                MO
              </option>
              <option
                value="MT"
              >
                MT
              </option>
              <option
                value="NE"
              >
                NE
              </option>
              <option
                value="NV"
              >
                NV
              </option>
              <option
                value="NH"
              >
                NH
              </option>
              <option
                value="NJ"
              >
                NJ
              </option>
              <option
                value="NM"
              >
                NM
              </option>
              <option
                value="NY"
              >
                NY
              </option>
              <option
                value="NC"
              >
                NC
              </option>
              <option
                value="ND"
              >
                ND
              </option>
              <option
                value="OH"
              >
                OH
              </option>
              <option
                value="OK"
              >
                OK
              </option>
              <option
                value="OR"
              >
                OR
              </option>
              <option
                value="PA"
              >
                PA
              </option>
              <option
                value="RI"
              >
                RI
              </option>
              <option
                value="SC"
              >
                SC
              </option>
              <option
                value="SD"
              >
                SD
              </option>
              <option
                value="TN"
              >
                TN
              </option>
              <option
                value="TX"
              >
                TX
              </option>
              <option
                value="UT"
              >
                UT
              </option>
              <option
                value="VT"
              >
                VT
              </option>
              <option
                value="VA"
              >
                VA
              </option>
              <option
                value="WA"
              >
                WA
              </option>
              <option
                value="WV"
              >
                WV
              </option>
              <option
                value="WI"
              >
                WI
              </option>
              <option
                value="WY"
              >
                WY
              </option>
            </select>
            <label
              class="form-label"
              for="about"
            >
              About: 
            </label>
            <textarea
              class="form-control form-control"
              id="about"
              maxlength="3000"
              name="about"
              placeholder="Write your story..."
            >
              This is my story...
            </textarea>
            <label
              class="form-label"
              for="primNum"
            >
              Primary Number: 
            </label>
            <input
              class="form-control form-control"
              id="primaryNumber"
              maxlength="4"
              name="primNum"
              pattern="[0-9]*"
              placeholder="Primary Number"
              type="text"
              value="01"
            />
            <label
              class="form-label"
              for="level"
            >
              Skill Level: 
            </label>
            <select
              class="form-control form-select"
              id="level"
              name="level"
              placeholder="level"
            >
              <option
                value=""
              >
                Prefer not to say.
              </option>
              <option
                value="C"
              >
                C
              </option>
              <option
                value="B"
              >
                B
              </option>
              <option
                value="A"
              >
                A
              </option>
              <option
                value="AA"
              >
                AA
              </option>
            </select>
            <label
              class="form-label"
              for="assocLeagues"
            >
              Associated Leagues: 
            </label>
            <input
              class="form-control form-control"
              id="assocLeagues"
              maxlength="200"
              name="assocLeagues"
              placeholder="Associated Leagues"
              type="text"
              value="Testing League"
            />
            <label
              class="form-label"
              for="rulesets"
            >
              Positions: 
            </label>
            <select
              class="form-control form-select"
              id="positions"
              multiple=""
              name="positions"
              placeholder="Played Positions"
            >
              <option
                value="jammer"
              >
                jammer
              </option>
              <option
                value="pivot"
              >
                pivot
              </option>
              <option
                value="blocker"
              >
                blocker
              </option>
            </select>
            <p>
              <b>
                Selected positions: 
              </b>
            </p>
            <label
              class="form-label"
              for="rulesets"
            >
              Played Rulesets: 
            </label>
            <select
              class="form-control form-select"
              id="rulesets"
              multiple=""
              name="rulesets"
              placeholder="Played Rulesets"
            >
              <option
                value="WFTDA"
              >
                WFTDA
              </option>
              <option
                value="USARS"
              >
                USARS
              </option>
              <option
                value="banked track"
              >
                Banked Track
              </option>
              <option
                value="short track"
              >
                Short Track
              </option>
            </select>
            <p>
              <b>
                Selected rulesets: 
              </b>
            </p>
            <label
              class="form-label"
              for="facebookName"
            >
              Facebook Name: 
            </label>
            <input
              class="form-control form-control"
              id="facebookName"
              maxlength="50"
              name="facebookName"
              placeholder="Facebook Name"
              type="text"
              value="facebook test user"
            />
          </div>
          <button
            class="btn btn-secondary"
          >
            Save Profile
          </button>
        </form>
      </div>
    </div>
  </section>
</DocumentFragment>
`;
