// Jest Snapshot v1, https://goo.gl/fbAQLP

exports[`checks rendering of signup form matches snapshot 1`] = `
<DocumentFragment>
  <section
    class="col-md-4 SignupForm"
    style="min-width: 400px;"
  >
    <div
      class="card"
    >
      <div
        class="SignupForm-CardTitle card-title"
      >
        <h1>
          Create a profile
        </h1>
        <div>
          <div
            style="color: red;"
          />
        </div>
      </div>
      <div
        class="card-body"
      >
        <form
          class=""
        >
          <div
            class="mb-3"
          >
            <label
              class="col-sm-10 col-form-label"
              for="username"
            >
              Derby Name: 
            </label>
            <input
              class="form-control"
              id="username"
              maxlength="35"
              name="username"
              placeholder="Derby Name"
              required=""
              type="text"
              value=""
            />
            <label
              class="form-label"
              for="email"
            >
              Email: 
            </label>
            <input
              autocomplete="username"
              class="form-control"
              id="email"
              maxlength="128"
              name="email"
              placeholder="Email"
              required=""
              type="email"
              value=""
            />
            <label
              class="form-label"
              for="password"
            >
              Password: 
            </label>
            <input
              autocomplete="new-password"
              class="form-control"
              id="password"
              maxlength="128"
              name="password"
              placeholder="Password"
              required=""
              type="password"
              value=""
            />
          </div>
          <button
            class="btn btn-secondary"
          >
            Create Profile
          </button>
        </form>
      </div>
    </div>
  </section>
</DocumentFragment>
`;
